# sudo apt-get install festival festlex-cmu festlex-poslex festlex-oald libestools1.2 unzip festival-freebsoft-utils
# sudo apt-get install festvox-don festvox-rablpc16k festvox-kallpc16k festvox-kdlpc16k
sudo apt-get install -y flite
sudo apt-get install -y minicom  
sudo apt-get install -y python-setuptools
sudo apt-get install -y python-picamera
sudo easy_install bottle wolframalpha pyserial cherrypi dateutils
sudo easy_install pip
# not needed in pi 3? 
# sudo pip install pyopencv 


# for raspberry pi 1
# comment away  this line in /etc/inittab
#Spawn a getty on Raspberry Pi serial line
#T0:23:respawn:/sbin/getty -L ttyAMA0 115200 vt100

# for raspberry pi 2/3 jessie post 2016-11-xx 
$ sudo nano /boot/config.txt
and add the line (at the bottom):
enable_uart=1
$ sudo systemctl stop serial-getty@ttyS0.service
$ sudo systemctl disable serial-getty@ttyS0.service
$ sudo nano /boot/cmdline.txt
you will see something like:

dwc_otg.lpm_enable=0 console=serial0,115200 console=tty1 root=/dev/mmcblk0p2 rootfstype=ext4 elevator=deadline fsck.repair=yes root wait

remove the line: console=serial0,115200 and save and reboot for changes to take effect.

# for sound
use amixer set PCM 100% to maximize the volume


# for opencv
sudo apt-get -y install build-essential cmake cmake-curses-gui pkg-config libpng12-0 libpng12-dev libpng++-dev libpng3 libpnglite-dev zlib1g-dbg zlib1g zlib1g-dev pngtools libtiff5-dev libtiff5 libtiffxx0c2 libtiff-tools libeigen3-dev

# for pi 1
sudo apt-get -y install libjpeg8 libjpeg8-dev libjpeg8-dbg libjpeg-progs ffmpeg libavcodec-dev libavcodec53 libavformat53 libavformat-dev libgstreamer0.10-0-dbg libgstreamer0.10-0 libgstreamer0.10-dev libxine1-ffmpeg libxine-dev libxine1-bin libunicap2 libunicap2-dev swig libv4l-0 libv4l-dev python-numpy libpython2.6 python-dev python2.6-dev libgtk2.0-dev 

# for pi 2/3
sudo apt-get -y install libjpeg8 libjpeg8-dev libjpeg8-dbg libjpeg-progs libav-tools libavformat56 libavformat-dev libgstreamer0.10-0-dbg libgstreamer0.10-0 libgstreamer0.10-dev libxine2-ffmpeg libxine2-dev libxine2-bin libunicap2 libunicap2-dev swig libv4l-0 libv4l-dev python-numpy libpython2.7 python-dev python2.7-dev libgtk2.0-dev 


wget http://sourceforge.net/projects/opencvlibrary/files/opencv-unix/2.4.9/opencv-2.4.9.zip/download opencv-2.4.9.zip

unzip opencv-2.4.9.zip
cd opencv-2.4.9
mkdir release
cd release
ccmake ../


press ‘c’ to configure
once done toggle the options you want. This were mine:

ANT_EXECUTABLE                   ANT_EXECUTABLE-NOTFOUND                                                                                                
BUILD_DOCS                       ON                                                                                                                     
BUILD_EXAMPLES                   ON                                                                                                                     
BUILD_JASPER                     ON                                                                                                                     
BUILD_JPEG                       ON                                                                                                                     
BUILD_OPENEXR                    ON                                                                                                                     
BUILD_PACKAGE                    ON                                                                                                                     
BUILD_PERF_TESTS                 ON                                                                                                                     
BUILD_PNG                        ON                                                                                                                     
BUILD_SHARED_LIBS                ON                                                                                                                     
BUILD_TBB                        OFF                                                                                                                    
BUILD_TESTS                      ON                                                                                                                     
BUILD_TIFF                       ON                                                                                                                     
BUILD_WITH_DEBUG_INFO            ON                                                                                                                     
BUILD_ZLIB                       ON                                                                                                                     
BUILD_opencv_apps                ON                                                                                                                     
BUILD_opencv_calib3d             ON                                                                                                                     
BUILD_opencv_contrib             ON                                                                                                                     
BUILD_opencv_core                ON                                                                                                                     
BUILD_opencv_features2d          ON                                                                                                                     
BUILD_opencv_flann               ON                                                                                                                     
BUILD_opencv_gpu                 ON                                                                                                                     
BUILD_opencv_highgui             ON                                                                                                                     
BUILD_opencv_imgproc             ON                                                                                                                     
BUILD_opencv_legacy              ON                                                                                                                     
BUILD_opencv_ml                  ON                                                                                                                     
BUILD_opencv_nonfree             ON                                                                                                                     
BUILD_opencv_objdetect           ON                                                                                                                     
BUILD_opencv_ocl                 ON                                                                                                                     
BUILD_opencv_photo               ON                                                                                                                     
BUILD_opencv_python              ON                                                                                                                     
BUILD_opencv_stitching           ON                                                                                                                     
BUILD_opencv_superres            ON                                                                                                                     
BUILD_opencv_ts                  ON                                                                                                                     
BUILD_opencv_video               ON                                                                                                                     
BUILD_opencv_videostab           ON                                                                                                                     
BUILD_opencv_world               OFF                                                                                                                    
CLAMDBLAS_INCLUDE_DIR            CLAMDBLAS_INCLUDE_DIR-NOTFOUND                                                                                         
CLAMDBLAS_ROOT_DIR               CLAMDBLAS_ROOT_DIR-NOTFOUND                                                                                            
CLAMDFFT_INCLUDE_DIR             CLAMDFFT_INCLUDE_DIR-NOTFOUND                                                                                          
CLAMDFFT_ROOT_DIR                CLAMDFFT_ROOT_DIR-NOTFOUND                                                                                             
CMAKE_BUILD_TYPE                 Release                                                                                                                  
CMAKE_CONFIGURATION_TYPES        Debug;Release                                                                                                                
CMAKE_INSTALL_PREFIX             /usr/local
 
CMAKE_VERBOSE                    OFF                                                                                                                    
CUDA_BUILD_CUBIN                 OFF                                                                                                                    
CUDA_BUILD_EMULATION             OFF                                                                                                                    
CUDA_HOST_COMPILER               /usr/bin/gcc                                                                                                          
CUDA_SDK_ROOT_DIR                CUDA_SDK_ROOT_DIR-NOTFOUND                                                                                             
CUDA_SEPARABLE_COMPILATION       OFF                                                                                                                    
CUDA_TOOLKIT_ROOT_DIR            CUDA_TOOLKIT_ROOT_DIR-NOTFOUND                                                                                         
CUDA_VERBOSE_BUILD               OFF                                                                                                                    
EIGEN_INCLUDE_PATH               /usr/include/eigen3                                                                                                   
ENABLE_NEON                      OFF                                                                                                                    
ENABLE_NOISY_WARNINGS            OFF                                                                                                                    
ENABLE_OMIT_FRAME_POINTER        ON                                                                                                                     
ENABLE_PRECOMPILED_HEADERS       ON                                                                                                                     
ENABLE_PROFILING                 OFF                                                                                                                    
ENABLE_SOLUTION_FOLDERS          OFF                                                                                                                    
ENABLE_VFPV3                     OFF                                                                                                                    
EXECUTABLE_OUTPUT_PATH           /home/pi/opencv-2.4.8/release/bin                                                                              
GIGEAPI_INCLUDE_PATH             GIGEAPI_INCLUDE_PATH-NOTFOUND                                                                                          
GIGEAPI_LIBRARIES                GIGEAPI_LIBRARIES-NOTFOUND                                                                                             
INSTALL_CREATE_DISTRIB           OFF                                                                                                                    
INSTALL_C_EXAMPLES               OFF                                                                                                                    
INSTALL_PYTHON_EXAMPLES          OFF                                                                                                                    
INSTALL_TO_MANGLED_PATHS         OFF                                                                                                                    
OPENCV_CONFIG_FILE_INCLUDE_DIR   /home/pi/opencv/opencv-2.4.8/release                                                                                  
OPENCV_EXTRA_MODULES_PATH                                                                                                                               
OPENCV_WARNINGS_ARE_ERRORS       OFF                                                                                                                    
OPENEXR_INCLUDE_PATH             OPENEXR_INCLUDE_PATH-NOTFOUND                                                                                          
PVAPI_INCLUDE_PATH               PVAPI_INCLUDE_PATH-NOTFOUND                                                                                            
PYTHON_NUMPY_INCLUDE_DIR         /usr/lib/pymodules/python2.7/numpy/core/include                                                                       
PYTHON_PACKAGES_PATH             lib/python2.7/dist-packages                                                                                           
SPHINX_BUILD                     SPHINX_BUILD-NOTFOUND                                                                                                  
WITH_1394                        OFF                                                                                                                    
WITH_CUBLAS                      OFF                                                                                                                    
WITH_CUDA                        OFF                                                                                                                    
WITH_CUFFT                       OFF                                                                                                                    
WITH_EIGEN                       ON                                                                                                                     
WITH_FFMPEG                      ON                                                                                                                     
WITH_GIGEAPI                     OFF                                                                                                                    
WITH_GSTREAMER                   ON                                                                                                                     
WITH_GTK                         ON                                                                                                                     
WITH_JASPER                      ON                                                                                                                     
WITH_JPEG                        ON                                                                                                                     
WITH_LIBV4L                      ON                                                                                                                     
WITH_NVCUVID                     OFF  
 
WITH_OPENCL                      ON                                                                                                                     
WITH_OPENCLAMDBLAS               ON                                                                                                                     
WITH_OPENCLAMDFFT                ON                                                                                                                     
WITH_OPENEXR                     ON                                                                                                                     
WITH_OPENGL                      ON                                                                                                                     
WITH_OPENMP                      OFF                                                                                                                    
WITH_OPENNI                      OFF                                                                                                                    
WITH_PNG                         ON                                                                                                                     
WITH_PVAPI                       ON                                                                                                                     
WITH_QT                          OFF                                                                                                                    
WITH_TBB                         OFF                                                                                                                    
WITH_TIFF                        ON                                                                                                                     
WITH_UNICAP                      OFF                                                                                                                    
WITH_V4L                         ON                                                                                                                     
WITH_XIMEA                       OFF                                                                                                                    
WITH_XINE                        OFF       


press ‘c’ again to configure with your new settings
press ‘g’ to generate the Makefile

And finally, build. This will take a long time (about 10 hours!).

make
sudo make install



INSTALL UV4L

How to install or upgrade UV4L on Raspbian (for the Raspberry Pi)

To install UV4L open a terminal and type the following commands:
$ curl http://www.linux-projects.org/listing/uv4l_repo/lrkey.asc | sudo apt-key add -
Add the following line to the file /etc/apt/sources.list :
deb http://www.linux-projects.org/listing/uv4l_repo/raspbian/ jessie main

$ sudo apt-get update
$ sudo apt-get install uv4l uv4l-raspicam
The last two commands will upgrade UV4L to the most recent version, if it's already installed.

If you want the driver to be loaded at boot, also install this optional package:
$ sudo apt-get install uv4l-raspicam-extras
As a convenience, the above package will also provide a service script for starting or stopping the driver at any time:
$ sudo service uv4l_raspicam restart
When (re)starting the service, uv4l will be instructed to parse the configuration file /etc/uv4l/uv4l-raspicam.conf to get the default values for the (main) driver options. You can edit that file as you prefer to add, remove or change the default options. The same service is used at boot.

Now the UV4L core component and the Video4Linux2 driver for the CSI Camera Board are installed. If you occasionally get unexpected errors from the driver, consider updating the firmware with the following command:
$ sudo rpi-update
For detailed informations, options, etc... about the modules installed type accordingly:
$ man uv4l
$ man uv4l-raspicam
To get a list of available options:
$ uv4l --help --driver raspicam --driver-help
If you did not install the optional uv4l-raspicam-extras package (which already contains a script for starting uv4l with the settings taken from a configuration file) but want to quicly test uv4l, load it manually:
$ uv4l --driver raspicam --auto-video_nr --width 640 --height 480 --encoding jpeg
and take a JPEG snapshot from the Camera:
$ dd if=/dev/video0 of=snapshot.jpeg bs=11M count=1
For a list of other use cases click here.

To terminate a running driver, close the applications and kill the corresponding uv4l process:
$ pkill uv4l
Apart from the driver for the Raspberry Pi Camera Board, the following modules or drivers can be optionally installed:
$ sudo apt-get install uv4l-server
$ sudo apt-get install uv4l-uvc
$ sudo apt-get install uv4l-xscreen
$ sudo apt-get install uv4l-mjpegstream
For the Raspberry Pi 2 only, the WebRTC extension for the Streaming Server is also available:
$ sudo apt-get install uv4l-webrtc
Once you have installed the HTTP Streaming Server module, make sure to reload uv4l for it to notice and start the server. Afterwards you can access the server with the browser at the default address and port http://raspberry:8080/ (where raspberry has to be replaced with the actual hostname or IP address of your RaspberryPi.

modify /etc/uv4l/uv4l-raspicam.conf
with the following turn on
auto-video_nr = yes
encoding = jpeg
width = 640
height = 480
framerate = 30
nopreview = yes
vflip = yes

# for auto start on boot
add this in /etc/rc.local

(bash /home/pi/rapiro/runatstart.sh  >> /tmp/rapiro.log 2>&1) &

# for pi 2 with 8192cu wireless card
ifdown --force wlan0
sleep 1 && ifup wlan0


# vncserver
sudo apt-get install -y tightvncserver 
refer to vncserver/vncserver-atboot.txt

# install chromium
apt-get install chromium-browser

# link rapiro.conf
get an wolfram alpha ID
sudo vim /boot/rapiro.conf

add the following
[WOLFRAMALPHA]
app_id=<YOURID>

ln -svnf /boot/rapiro.conf /home/pi/git/rapiro/rapiro.conf


# disable hdmi at boot
# it will be very useful to disable hdmi at boot after connecting the pi to Rapiro. It is headless anyway. 
# it reduces power consumption hence increases stability.

# add the following to /etc/rc.local , before any other command 
/opt/vc/bin/tvservice -o




